// Jest Snapshot v1, https://goo.gl/fbAQLP

exports[`Button should render correctly in primary mode 1`] = `
<button
  className={
    Object {
      "has": [Function],
      "is": [Function],
      "mix": [Function],
      "split": [Function],
      "state": [Function],
      "toString": [Function],
    }
  }
  type="button"
>
  Primary
</button>
`;
